###############################################################################
#
# IAR ELF Linker V8.50.9.278/W32 for ARM                  25/Aug/2025  11:00:23
# Copyright 2007-2020 IAR Systems AB.
#
#    Output file  =
#        E:\electronic\barname\stm32\aht20\EWARM\aht20\Exe\aht20.out
#    Map file     =
#        E:\electronic\barname\stm32\aht20\EWARM\aht20\List\aht20.map
#    Command line =
#        -f C:\Users\PARDAZ~1\AppData\Local\Temp\EW1BA9.tmp
#        (E:\electronic\barname\stm32\aht20\EWARM\aht20\Obj\AHT20.o
#        E:\electronic\barname\stm32\aht20\EWARM\aht20\Obj\main.o
#        E:\electronic\barname\stm32\aht20\EWARM\aht20\Obj\startup_stm32f030x6.o
#        E:\electronic\barname\stm32\aht20\EWARM\aht20\Obj\stm32f0xx_hal.o
#        E:\electronic\barname\stm32\aht20\EWARM\aht20\Obj\stm32f0xx_hal_cortex.o
#        E:\electronic\barname\stm32\aht20\EWARM\aht20\Obj\stm32f0xx_hal_dma.o
#        E:\electronic\barname\stm32\aht20\EWARM\aht20\Obj\stm32f0xx_hal_exti.o
#        E:\electronic\barname\stm32\aht20\EWARM\aht20\Obj\stm32f0xx_hal_flash.o
#        E:\electronic\barname\stm32\aht20\EWARM\aht20\Obj\stm32f0xx_hal_flash_ex.o
#        E:\electronic\barname\stm32\aht20\EWARM\aht20\Obj\stm32f0xx_hal_gpio.o
#        E:\electronic\barname\stm32\aht20\EWARM\aht20\Obj\stm32f0xx_hal_i2c.o
#        E:\electronic\barname\stm32\aht20\EWARM\aht20\Obj\stm32f0xx_hal_i2c_ex.o
#        E:\electronic\barname\stm32\aht20\EWARM\aht20\Obj\stm32f0xx_hal_msp.o
#        E:\electronic\barname\stm32\aht20\EWARM\aht20\Obj\stm32f0xx_hal_pwr.o
#        E:\electronic\barname\stm32\aht20\EWARM\aht20\Obj\stm32f0xx_hal_pwr_ex.o
#        E:\electronic\barname\stm32\aht20\EWARM\aht20\Obj\stm32f0xx_hal_rcc.o
#        E:\electronic\barname\stm32\aht20\EWARM\aht20\Obj\stm32f0xx_hal_rcc_ex.o
#        E:\electronic\barname\stm32\aht20\EWARM\aht20\Obj\stm32f0xx_hal_uart.o
#        E:\electronic\barname\stm32\aht20\EWARM\aht20\Obj\stm32f0xx_hal_uart_ex.o
#        E:\electronic\barname\stm32\aht20\EWARM\aht20\Obj\stm32f0xx_it.o
#        E:\electronic\barname\stm32\aht20\EWARM\aht20\Obj\system_stm32f0xx.o
#        --no_out_extension -o
#        E:\electronic\barname\stm32\aht20\EWARM\aht20\Exe\aht20.out --redirect
#        _Printf=_PrintfFullNoMb --redirect _Scanf=_ScanfFullNoMb --map
#        E:\electronic\barname\stm32\aht20\EWARM\aht20\List\aht20.map --config
#        E:\electronic\barname\stm32\aht20\EWARM/stm32f030x6_flash.icf
#        --semihosting --entry __iar_program_start --vfe --text_out locale)
#
###############################################################################

*******************************************************************************
*** RUNTIME MODEL ATTRIBUTES
***

CppFlavor       = *
__SystemLibrary = DLib
__dlib_version  = 6


*******************************************************************************
*** HEAP SELECTION
***

The basic heap was selected because no calls to memory allocation
functions were found in the application outside of system library
functions, and there are calls to deallocation functions in the
application.


*******************************************************************************
*** PLACEMENT SUMMARY
***

"A0":  place at address 0x800'0000 { ro section .intvec };
"P1":  place in [from 0x800'0000 to 0x800'7fff] { ro };
define block CSTACK with size = 1K, alignment = 8 { };
define block HEAP with size = 512, alignment = 8 { };
"P2":  place in [from 0x2000'0000 to 0x2000'0fff] {
          rw, block CSTACK, block HEAP };
initialize by copy { rw };

  Section            Kind         Address    Size  Object
  -------            ----         -------    ----  ------
"A0":                                        0xb0
  .intvec            ro code   0x800'0000    0xb0  startup_stm32f030x6.o [1]
                             - 0x800'00b0    0xb0

"P1":                                      0x32bc
  .text              ro code   0x800'00b0  0x1054  xprintffull_nomb.o [2]
  .text              ro code   0x800'1104    0x12  strchr.o [4]
  .text              ro code   0x800'1116     0xa  xsprout.o [2]
  .text              ro code   0x800'1120    0x48  xfail_s.o [2]
  .text              ro code   0x800'1168     0xe  strlen.o [4]
  .rodata            const     0x800'1176     0x2  xlocale_c.o [2]
  .text              ro code   0x800'1178    0x16  memchr.o [4]
  .text              ro code   0x800'118e     0x2  startup_stm32f030x6.o [1]
  .text              ro code   0x800'1190    0x4e  ABImemcpy.o [4]
  .text              ro code   0x800'11de    0x32  DblCmpLe.o [3]
  .text              ro code   0x800'1210    0x32  DblCmpGe.o [3]
  .text              ro code   0x800'1242     0x2  startup_stm32f030x6.o [1]
  .text              ro code   0x800'1244    0x52  DblToI32.o [3]
  .text              ro code   0x800'1296     0x2  startup_stm32f030x6.o [1]
  .text              ro code   0x800'1298    0x34  IxxToDbl.o [3]
  .text              ro code   0x800'12cc   0x1a8  DblAddSub.o [3]
  .text              ro code   0x800'1474    0x5e  I32DivMod.o [4]
  .text              ro code   0x800'14d2    0xc2  DblDiv.o [3]
  .text              ro code   0x800'1594   0x184  DblMul.o [3]
  .text              ro code   0x800'1718     0xc  xlocale_c.o [2]
  .text              ro code   0x800'1724    0x6a  I64DivMod.o [4]
  .text              ro code   0x800'178e     0xa  abort.o [2]
  .text              ro code   0x800'1798     0x2  IntDivZer.o [4]
  .text              ro code   0x800'179a     0x2  startup_stm32f030x6.o [1]
  .text              ro code   0x800'179c     0x2  I64DivZer.o [4]
  .text              ro code   0x800'179e     0x2  startup_stm32f030x6.o [1]
  .text              ro code   0x800'17a0    0x14  exit.o [5]
  .text              ro code   0x800'17b4   0x538  stm32f0xx_hal_i2c.o [1]
  .text              ro code   0x800'1cec    0xfc  stm32f0xx_hal_msp.o [1]
  .text              ro code   0x800'1de8     0xc  stm32f0xx_hal.o [1]
  .text              ro code   0x800'1df4    0x14  memset.o [4]
  .text              ro code   0x800'1e08   0x170  stm32f0xx_hal_gpio.o [1]
  .text              ro code   0x800'1f78    0x4e  ABImemset.o [4]
  .text              ro code   0x800'1fc6     0x2  startup_stm32f030x6.o [1]
  .text              ro code   0x800'1fc8   0x52c  stm32f0xx_hal_rcc.o [1]
  .text              ro code   0x800'24f4    0x44  stm32f0xx_hal.o [1]
  .text              ro code   0x800'2538    0x78  stm32f0xx_hal_cortex.o [1]
  .text              ro code   0x800'25b0   0x47c  stm32f0xx_hal_uart.o [1]
  .text              ro code   0x800'2a2c   0x1d4  main.o [1]
  .text              ro code   0x800'2c00    0x20  stm32f0xx_hal.o [1]
  .text              ro code   0x800'2c20    0x8c  stm32f0xx_hal_i2c_ex.o [1]
  .text              ro code   0x800'2cac   0x11c  AHT20.o [1]
  .text              ro code   0x800'2dc8    0x32  FltToDbl.o [3]
  .text              ro code   0x800'2dfa     0x2  startup_stm32f030x6.o [1]
  .text              ro code   0x800'2dfc    0x40  sprintf.o [2]
  .text              ro code   0x800'2e3c    0xfc  stm32f0xx_hal_rcc_ex.o [1]
  .text              ro code   0x800'2f38    0x28  stm32f0xx_hal.o [1]
  .text              ro code   0x800'2f60    0x20  IxxToFlt.o [3]
  .text              ro code   0x800'2f80    0xb0  FltMul.o [3]
  .text              ro code   0x800'3030   0x120  FltAddSub.o [3]
  .rodata            const     0x800'3150    0x6a  xprintffull_nomb.o [2]
  .text              ro code   0x800'31ba    0x3c  zero_init3.o [4]
  .text              ro code   0x800'31f6    0x3c  packbits_init_single.o [4]
  .text              ro code   0x800'3232     0x2  startup_stm32f030x6.o [1]
  .text              ro code   0x800'3234    0x28  data_init.o [4]
  .iar.init_table    const     0x800'325c    0x20  - Linker created -
  .text              ro code   0x800'327c    0x1e  cmain.o [4]
  .text              ro code   0x800'329a     0x4  low_level_init.o [2]
  .text              ro code   0x800'329e     0x8  exit.o [2]
  .text              ro code   0x800'32a6     0x2  startup_stm32f030x6.o [1]
  .text              ro code   0x800'32a8     0xa  cexit.o [4]
  .text              ro code   0x800'32b2     0x2  startup_stm32f030x6.o [1]
  .text              ro code   0x800'32b4    0x1c  cstartup_M.o [4]
  .text              ro code   0x800'32d0    0x14  system_stm32f0xx.o [1]
  .text              ro code   0x800'32e4    0x10  startup_stm32f030x6.o [1]
  .text              ro code   0x800'32f4    0x10  stm32f0xx_hal.o [1]
  .text              ro code   0x800'3304    0x10  stm32f0xx_it.o [1]
  .rodata            const     0x800'3314     0x8  system_stm32f0xx.o [1]
  .text              ro code   0x800'331c     0x2  startup_stm32f030x6.o [1]
  .text              ro code   0x800'331e     0x2  startup_stm32f030x6.o [1]
  .text              ro code   0x800'3320     0x2  startup_stm32f030x6.o [1]
  .text              ro code   0x800'3322     0x2  startup_stm32f030x6.o [1]
  .text              ro code   0x800'3324     0x2  startup_stm32f030x6.o [1]
  .text              ro code   0x800'3326     0x2  startup_stm32f030x6.o [1]
  .text              ro code   0x800'3328     0x2  startup_stm32f030x6.o [1]
  .text              ro code   0x800'332a     0x2  startup_stm32f030x6.o [1]
  .text              ro code   0x800'332c     0x2  startup_stm32f030x6.o [1]
  .text              ro code   0x800'332e     0x2  startup_stm32f030x6.o [1]
  .rodata            const     0x800'3330     0x1  xlocale_c.o [2]
  .rodata            const     0x800'3331     0x0  zero_init3.o [4]
  .rodata            const     0x800'3331     0x0  packbits_init_single.o [4]
  Initializer bytes  const     0x800'3331    0x3b  <for P2-1>
                             - 0x800'336c  0x32bc

"P2", part 1 of 3:                           0x48
  P2-1                        0x2000'0000    0x48  <Init block>
    .data            inited   0x2000'0000     0xc  stm32f0xx_hal.o [1]
    .data            inited   0x2000'000c     0x4  system_stm32f0xx.o [1]
    .data            inited   0x2000'0010    0x38  xlocale_c.o [2]
                            - 0x2000'0048    0x48

"P2", part 2 of 3:                          0x100
  .bss               zero     0x2000'0048    0xfc  main.o [1]
  .bss               zero     0x2000'0144     0x4  xfail_s.o [2]
                            - 0x2000'0148   0x100

"P2", part 3 of 3:                          0x400
  CSTACK                      0x2000'0148   0x400  <Block>
    CSTACK           uninit   0x2000'0148   0x400  <Block tail>
                            - 0x2000'0548   0x400

Unused ranges:

         From           To    Size
         ----           --    ----
   0x800'336c   0x800'7fff  0x4c94
  0x2000'0548  0x2000'0fff   0xab8


*******************************************************************************
*** INIT TABLE
***

          Address      Size
          -------      ----
Zero (__iar_zero_init3)
    1 destination range, total size 0x100:
          0x2000'0048  0x100

Copy/packbits (__iar_packbits_init_single3)
    1 source range, total size 0x3b (81% of destination):
           0x800'3331   0x3b
    1 destination range, total size 0x48:
          0x2000'0000   0x48



*******************************************************************************
*** MODULE SUMMARY
***

    Module                  ro code  ro data  rw data
    ------                  -------  -------  -------
command line/config:
    -------------------------------------------------
    Total:

E:\electronic\barname\stm32\aht20\EWARM\aht20\Obj: [1]
    AHT20.o                     284
    main.o                      468               252
    startup_stm32f030x6.o       232
    stm32f0xx_hal.o             168        9       12
    stm32f0xx_hal_cortex.o      120
    stm32f0xx_hal_gpio.o        368
    stm32f0xx_hal_i2c.o       1'336
    stm32f0xx_hal_i2c_ex.o      140
    stm32f0xx_hal_msp.o         252
    stm32f0xx_hal_rcc.o       1'324
    stm32f0xx_hal_rcc_ex.o      252
    stm32f0xx_hal_uart.o      1'148
    stm32f0xx_it.o               16
    system_stm32f0xx.o           20       12        4
    -------------------------------------------------
    Total:                    6'128       21      268

dl6M_tlf.a: [2]
    abort.o                      10
    exit.o                        8
    low_level_init.o              4
    sprintf.o                    64
    xfail_s.o                    72                 4
    xlocale_c.o                  12       49       56
    xprintffull_nomb.o        4'180      106
    xsprout.o                    10
    -------------------------------------------------
    Total:                    4'360      155       60

m6M_tl.a: [3]
    DblAddSub.o                 424
    DblCmpGe.o                   50
    DblCmpLe.o                   50
    DblDiv.o                    194
    DblMul.o                    388
    DblToI32.o                   82
    FltAddSub.o                 288
    FltMul.o                    176
    FltToDbl.o                   50
    IxxToDbl.o                   52
    IxxToFlt.o                   32
    -------------------------------------------------
    Total:                    1'786

rt6M_tl.a: [4]
    ABImemcpy.o                  78
    ABImemset.o                  78
    I32DivMod.o                  94
    I64DivMod.o                 106
    I64DivZer.o                   2
    IntDivZer.o                   2
    cexit.o                      10
    cmain.o                      30
    cstartup_M.o                 28
    data_init.o                  40
    memchr.o                     22
    memset.o                     20
    packbits_init_single.o       60
    strchr.o                     18
    strlen.o                     14
    zero_init3.o                 60
    -------------------------------------------------
    Total:                      662

shb_l.a: [5]
    exit.o                       20
    -------------------------------------------------
    Total:                       20

    Linker created                        32    1'024
-----------------------------------------------------
    Grand Total:             12'956      208    1'352


*******************************************************************************
*** ENTRY LIST
***

Entry                       Address   Size  Type      Object
-----                       -------   ----  ----      ------
.iar.init_table$$Base    0x800'325c          --   Gb  - Linker created -
.iar.init_table$$Limit   0x800'327c          --   Gb  - Linker created -
?main                    0x800'327d         Code  Gb  cmain.o [4]
AHBPrescTable            0x800'32d4   0x10  Data  Gb  system_stm32f0xx.o [1]
AHT20_init               0x800'2cad   0x2a  Code  Gb  AHT20.o [1]
AHT20_read               0x800'2cd9   0xd8  Code  Gb  AHT20.o [1]
APBPrescTable            0x800'3314    0x8  Data  Gb  system_stm32f0xx.o [1]
CSTACK$$Base            0x2000'0148          --   Gb  - Linker created -
CSTACK$$Limit           0x2000'0548          --   Gb  - Linker created -
Error_Handler            0x800'2bed    0x4  Code  Gb  main.o [1]
HAL_Delay                0x800'2f39   0x28  Code  Wk  stm32f0xx_hal.o [1]
HAL_GPIO_Init            0x800'1e09  0x158  Code  Gb  stm32f0xx_hal_gpio.o [1]
HAL_GetTick              0x800'1de9    0xc  Code  Wk  stm32f0xx_hal.o [1]
HAL_I2CEx_ConfigAnalogFilter
                         0x800'2c21   0x3a  Code  Gb  stm32f0xx_hal_i2c_ex.o [1]
HAL_I2CEx_ConfigDigitalFilter
                         0x800'2c5b   0x36  Code  Gb  stm32f0xx_hal_i2c_ex.o [1]
HAL_I2C_Init             0x800'17b5   0xa8  Code  Gb  stm32f0xx_hal_i2c.o [1]
HAL_I2C_Master_Receive   0x800'1975  0x118  Code  Gb  stm32f0xx_hal_i2c.o [1]
HAL_I2C_Master_Transmit
                         0x800'185d  0x118  Code  Gb  stm32f0xx_hal_i2c.o [1]
HAL_I2C_MspInit          0x800'1d17   0x62  Code  Gb  stm32f0xx_hal_msp.o [1]
HAL_IncTick              0x800'32f5   0x10  Code  Wk  stm32f0xx_hal.o [1]
HAL_Init                 0x800'2c01   0x1a  Code  Gb  stm32f0xx_hal.o [1]
HAL_InitTick             0x800'24f5   0x44  Code  Wk  stm32f0xx_hal.o [1]
HAL_MspInit              0x800'1ced   0x2a  Code  Gb  stm32f0xx_hal_msp.o [1]
HAL_NVIC_SetPriority     0x800'2573    0x8  Code  Gb  stm32f0xx_hal_cortex.o [1]
HAL_RCCEx_PeriphCLKConfig
                         0x800'2e3d   0xe2  Code  Gb  stm32f0xx_hal_rcc_ex.o [1]
HAL_RCC_ClockConfig      0x800'2355   0xfc  Code  Gb  stm32f0xx_hal_rcc.o [1]
HAL_RCC_GetPCLK1Freq     0x800'2493   0x14  Code  Gb  stm32f0xx_hal_rcc.o [1]
HAL_RCC_GetSysClockFreq
                         0x800'2459   0x3a  Code  Gb  stm32f0xx_hal_rcc.o [1]
HAL_RCC_GetSysClockFreq::aPLLMULFactorTable
                         0x800'24d4   0x10  Data  Lc  stm32f0xx_hal_rcc.o [1]
HAL_RCC_GetSysClockFreq::aPredivFactorTable
                         0x800'24e4   0x10  Data  Lc  stm32f0xx_hal_rcc.o [1]
HAL_RCC_OscConfig        0x800'1fc9  0x37e  Code  Gb  stm32f0xx_hal_rcc.o [1]
HAL_SYSTICK_Config       0x800'257b   0x28  Code  Gb  stm32f0xx_hal_cortex.o [1]
HAL_UART_Init            0x800'25b1   0x56  Code  Gb  stm32f0xx_hal_uart.o [1]
HAL_UART_MspInit         0x800'1d79   0x60  Code  Gb  stm32f0xx_hal_msp.o [1]
HAL_UART_Transmit        0x800'261d   0xe2  Code  Gb  stm32f0xx_hal_uart.o [1]
HardFault_Handler        0x800'3307    0x2  Code  Gb  stm32f0xx_it.o [1]
I2C_Flush_TXDR           0x800'1ac9   0x1c  Code  Lc  stm32f0xx_hal_i2c.o [1]
I2C_IsAcknowledgeFailed
                         0x800'1c51   0x72  Code  Lc  stm32f0xx_hal_i2c.o [1]
I2C_TransferConfig       0x800'1cc3   0x22  Code  Lc  stm32f0xx_hal_i2c.o [1]
I2C_WaitOnFlagUntilTimeout
                         0x800'1ae5   0x58  Code  Lc  stm32f0xx_hal_i2c.o [1]
I2C_WaitOnRXNEFlagUntilTimeout
                         0x800'1bd7   0x78  Code  Lc  stm32f0xx_hal_i2c.o [1]
I2C_WaitOnSTOPFlagUntilTimeout
                         0x800'1b8f   0x48  Code  Lc  stm32f0xx_hal_i2c.o [1]
I2C_WaitOnTXISFlagUntilTimeout
                         0x800'1b3d   0x52  Code  Lc  stm32f0xx_hal_i2c.o [1]
NMI_Handler              0x800'3305    0x2  Code  Gb  stm32f0xx_it.o [1]
PendSV_Handler           0x800'330b    0x2  Code  Gb  stm32f0xx_it.o [1]
Region$$Table$$Base      0x800'325c          --   Gb  - Linker created -
Region$$Table$$Limit     0x800'327c          --   Gb  - Linker created -
SVC_Handler              0x800'3309    0x2  Code  Gb  stm32f0xx_it.o [1]
SysTick_Handler          0x800'330d    0x8  Code  Gb  stm32f0xx_it.o [1]
SystemClock_Config       0x800'2b79   0x74  Code  Gb  main.o [1]
SystemCoreClock         0x2000'000c    0x4  Data  Gb  system_stm32f0xx.o [1]
SystemInit               0x800'32d1    0x2  Code  Gb  system_stm32f0xx.o [1]
UART_AdvFeatureConfig    0x800'2813   0xc8  Code  Gb  stm32f0xx_hal_uart.o [1]
UART_CheckIdleState      0x800'28e1   0x5e  Code  Gb  stm32f0xx_hal_uart.o [1]
UART_SetConfig           0x800'26ff  0x114  Code  Gb  stm32f0xx_hal_uart.o [1]
UART_WaitOnFlagUntilTimeout
                         0x800'294d   0xa6  Code  Gb  stm32f0xx_hal_uart.o [1]
_LitobFullNoMb           0x800'0f41  0x120  Code  Lc  xprintffull_nomb.o [2]
_Locale_lconv           0x2000'0010   0x38  Data  Lc  xlocale_c.o [2]
_PrintfFullNoMb          0x800'00b1  0xe90  Code  Gb  xprintffull_nomb.o [2]
_PutcharFullNoMb         0x800'10ad   0x22  Code  Lc  xprintffull_nomb.o [2]
_PutcharsFullNoMb        0x800'10cf   0x36  Code  Lc  xprintffull_nomb.o [2]
_SProut                  0x800'1117    0xa  Code  Gb  xsprout.o [2]
__ICFEDIT_region_RAM_end__ {Abs}
                        0x2000'0fff         Data  Gb  <internal module>
__ICFEDIT_region_RAM_start__ {Abs}
                        0x2000'0000         Data  Gb  <internal module>
__NVIC_SetPriority       0x800'2539   0x3a  Code  Lc  stm32f0xx_hal_cortex.o [1]
__aeabi_cdcmple          0x800'11df         Code  Gb  DblCmpLe.o [3]
__aeabi_cdrcmple         0x800'1211         Code  Gb  DblCmpGe.o [3]
__aeabi_d2iz             0x800'1245         Code  Gb  DblToI32.o [3]
__aeabi_d2uiz            0x800'1269         Code  Gb  DblToI32.o [3]
__aeabi_ddiv             0x800'14d3         Code  Gb  DblDiv.o [3]
__aeabi_dmul             0x800'1595         Code  Gb  DblMul.o [3]
__aeabi_dsub             0x800'1387         Code  Gb  DblAddSub.o [3]
__aeabi_f2d              0x800'2dc9         Code  Gb  FltToDbl.o [3]
__aeabi_fadd             0x800'3031         Code  Gb  FltAddSub.o [3]
__aeabi_fmul             0x800'2f81         Code  Gb  FltMul.o [3]
__aeabi_fsub             0x800'30a1         Code  Gb  FltAddSub.o [3]
__aeabi_i2d              0x800'12b9         Code  Gb  IxxToDbl.o [3]
__aeabi_idiv0            0x800'1799         Code  Gb  IntDivZer.o [4]
__aeabi_ldiv0            0x800'179d         Code  Gb  I64DivZer.o [4]
__aeabi_memcpy           0x800'11c5         Code  Gb  ABImemcpy.o [4]
__aeabi_memcpy4          0x800'1191         Code  Gb  ABImemcpy.o [4]
__aeabi_memcpy8          0x800'1191         Code  Gb  ABImemcpy.o [4]
__aeabi_memset           0x800'1f79         Code  Gb  ABImemset.o [4]
__aeabi_ui2d             0x800'1299         Code  Gb  IxxToDbl.o [3]
__aeabi_ui2f             0x800'2f61         Code  Gb  IxxToFlt.o [3]
__aeabi_uldivmod         0x800'1725         Code  Gb  I64DivMod.o [4]
__cmain                  0x800'327d         Code  Gb  cmain.o [4]
__exit                   0x800'17a1   0x14  Code  Gb  exit.o [5]
__iar_Fail_s             0x800'1121   0x22  Code  Gb  xfail_s.o [2]
__iar_Memchr             0x800'1179         Code  Gb  memchr.o [4]
__iar_Memcpy             0x800'11d1         Code  Gb  ABImemcpy.o [4]
__iar_Memset4_word       0x800'1f99         Code  Gb  ABImemset.o [4]
__iar_Memset_word        0x800'1f85         Code  Gb  ABImemset.o [4]
__iar_Strchr             0x800'1105         Code  Gb  strchr.o [4]
__iar_d2uiz              0x800'126d         Code  Gb  DblToI32.o [3]
__iar_data_init3         0x800'3235   0x28  Code  Gb  data_init.o [4]
__iar_packbits_init_single3
                         0x800'31f7   0x3c  Code  Gb  packbits_init_single.o [4]
__iar_program_start      0x800'32b5         Code  Gb  cstartup_M.o [4]
__iar_small_idiv         0x800'1475         Code  Gb  I32DivMod.o [4]
__iar_small_idivmod      0x800'1475         Code  Gb  I32DivMod.o [4]
__iar_small_uidiv        0x800'149d         Code  Gb  I32DivMod.o [4]
__iar_small_uidivmod     0x800'149d         Code  Gb  I32DivMod.o [4]
__iar_zero_init3         0x800'31bb   0x3c  Code  Gb  zero_init3.o [4]
__low_level_init         0x800'329b    0x4  Code  Gb  low_level_init.o [2]
__vector_table           0x800'0000         Data  Gb  startup_stm32f030x6.o [1]
_call_main               0x800'3289         Code  Gb  cmain.o [4]
_exit                    0x800'32a9         Code  Gb  cexit.o [4]
_main                    0x800'3293         Code  Gb  cmain.o [4]
abort                    0x800'178f    0xa  Code  Gb  abort.o [2]
ch                      0x2000'011c   0x28  Data  Gb  main.o [1]
exit                     0x800'329f    0x8  Code  Gb  exit.o [2]
hi2c1                   0x2000'00c8   0x4c  Data  Gb  main.o [1]
huart1                  0x2000'0048   0x80  Data  Gb  main.o [1]
humiditi                0x2000'0118    0x4  Data  Gb  main.o [1]
localeconv               0x800'1719    0x4  Code  Gb  xlocale_c.o [2]
main                     0x800'2a2d  0x12c  Code  Gb  main.o [1]
memchr                   0x800'1179         Code  Gb  memchr.o [4]
memset                   0x800'1df5   0x14  Code  Gb  memset.o [4]
scale                    0x800'1061   0x44  Code  Lc  xprintffull_nomb.o [2]
sec_hand                0x2000'0144    0x4  Data  Lc  xfail_s.o [2]
sprintf                  0x800'2dfd   0x40  Code  Gb  sprintf.o [2]
strchr                   0x800'1105         Code  Gb  strchr.o [4]
strlen                   0x800'1169         Code  Gb  strlen.o [4]
temp                    0x2000'0114    0x4  Data  Gb  main.o [1]
uwTick                  0x2000'0004    0x4  Data  Gb  stm32f0xx_hal.o [1]
uwTickFreq              0x2000'0000    0x1  Data  Gb  stm32f0xx_hal.o [1]
uwTickPrio              0x2000'0008    0x4  Data  Gb  stm32f0xx_hal.o [1]


[1] = E:\electronic\barname\stm32\aht20\EWARM\aht20\Obj
[2] = dl6M_tlf.a
[3] = m6M_tl.a
[4] = rt6M_tl.a
[5] = shb_l.a

  12'956 bytes of readonly  code memory
     208 bytes of readonly  data memory
   1'352 bytes of readwrite data memory

Errors: none
Warnings: none
